// Jest Snapshot v1, https://goo.gl/fbAQLP

exports[`renders buscador correctly 1`] = `
<View
  style={
    Object {
      "alignItems": "center",
      "backgroundColor": "#F5FCFF",
      "flex": 1,
      "justifyContent": "center",
    }
  }
>
  <View
    style={
      Object {
        "backgroundColor": "blue",
        "height": 60,
      }
    }
  >
    <Text
      accessible={true}
      allowFontScaling={true}
      ellipsizeMode="tail"
      style={
        Object {
          "color": "white",
        }
      }
    >
      GG
    </Text>
  </View>
  <View
    style={
      Object {
        "alignItems": "center",
        "backgroundColor": "#F5FCFF",
        "flex": 8,
        "height": "100%",
        "justifyContent": "center",
        "width": "100%",
      }
    }
  />
  <View
    style={
      Object {
        "height": 100,
      }
    }
  >
    <Text
      accessible={true}
      allowFontScaling={true}
      ellipsizeMode="tail"
    >
      GG
    </Text>
  </View>
  <View
    style={
      Object {
        "backgroundColor": "rgba(0,0,0,0.5)",
        "display": "none",
        "height": "100%",
        "left": 0,
        "position": "absolute",
        "top": 0,
        "width": "100%",
      }
    }
  >
    <View
      style={
        Object {
          "backgroundColor": "white",
          "height": "100%",
          "left": 0,
          "position": "absolute",
          "top": 0,
          "width": "75%",
        }
      }
    />
  </View>
</View>
`;
