// Jest Snapshot v1, https://goo.gl/fbAQLP

exports[`Test group for Maps renders maps correctly 1`] = `
<View
  style={
    Object {
      "bottom": 0,
      "left": 0,
      "position": "absolute",
      "right": 0,
      "top": 0,
    }
  }
>
  <View
    followsUserLocation={true}
    initialRegion={
      Object {
        "latitude": 0,
        "latitudeDelta": 0.0922,
        "longitude": 0,
        "longitudeDelta": 0.0421,
      }
    }
    showsCompass={false}
    showsMyLocationButton={false}
    showsPointsOfInterest={false}
    showsUserLocation={true}
    style={
      Object {
        "bottom": 0,
        "left": 0,
        "paddingTop": 100,
        "position": "absolute",
        "right": 0,
        "top": 0,
      }
    }
    toolbarEnabled={false}
  >
    <Text
      accessible={true}
      allowFontScaling={true}
      coordinate={
        Object {
          "latitude": 0,
          "latitudeDelta": 0.01,
          "longitude": 0,
          "longitudeDelta": 0.01,
        }
      }
      ellipsizeMode="tail"
      identifier="0"
      image={
        Object {
          "testUri": "../../../Images/marker60.png",
        }
      }
      onPress={[Function]}
      pinColor="red"
    />
  </View>
  <View
    accessibilityComponentType={undefined}
    accessibilityLabel={undefined}
    accessibilityTraits={undefined}
    accessible={true}
    hasTVPreferredFocus={undefined}
    hitSlop={undefined}
    isTVSelectable={true}
    nativeID={undefined}
    onLayout={undefined}
    onResponderGrant={[Function]}
    onResponderMove={[Function]}
    onResponderRelease={[Function]}
    onResponderTerminate={[Function]}
    onResponderTerminationRequest={[Function]}
    onStartShouldSetResponder={[Function]}
    style={
      Array [
        Object {
          "backgroundColor": "transparent",
        },
        Object {
          "backgroundColor": "white",
          "borderRadius": 15,
          "bottom": 15,
          "display": "flex",
          "height": 30,
          "justifyContent": "center",
          "left": 15,
          "position": "absolute",
          "width": 30,
        },
      ]
    }
    testID={undefined}
    tvParallaxProperties={undefined}
  >
    <Text
      accessible={true}
      allowFontScaling={false}
      ellipsizeMode="tail"
      style={
        Array [
          Object {
            "color": undefined,
            "fontSize": 20,
          },
          Object {
            "alignSelf": "center",
            "color": "#67ACB1",
          },
          Object {
            "fontFamily": "Material Design Icons",
            "fontStyle": "normal",
            "fontWeight": "normal",
          },
        ]
      }
    >
      
    </Text>
  </View>
  <View
    accessibilityComponentType={undefined}
    accessibilityLabel={undefined}
    accessibilityTraits={undefined}
    accessible={true}
    hasTVPreferredFocus={undefined}
    hitSlop={undefined}
    isTVSelectable={true}
    nativeID={undefined}
    onLayout={undefined}
    onResponderGrant={[Function]}
    onResponderMove={[Function]}
    onResponderRelease={[Function]}
    onResponderTerminate={[Function]}
    onResponderTerminationRequest={[Function]}
    onStartShouldSetResponder={[Function]}
    style={
      Array [
        Object {
          "backgroundColor": "transparent",
        },
        Object {
          "backgroundColor": "white",
          "borderRadius": 22.5,
          "bottom": 15,
          "display": "flex",
          "height": 45,
          "justifyContent": "center",
          "position": "absolute",
          "right": 15,
          "width": 45,
        },
      ]
    }
    testID={undefined}
    tvParallaxProperties={undefined}
  >
    <Text
      accessible={true}
      allowFontScaling={false}
      ellipsizeMode="tail"
      style={
        Array [
          Object {
            "color": undefined,
            "fontSize": 20,
          },
          Object {
            "alignSelf": "center",
            "color": "#67ACB1",
          },
          Object {
            "fontFamily": "Material Design Icons",
            "fontStyle": "normal",
            "fontWeight": "normal",
          },
        ]
      }
    >
      
    </Text>
  </View>
</View>
`;
